../Core/Src/main.c:62:6:step	24	static
../Core/Src/main.c:73:6:line	16	static
../Core/Src/main.c:80:6:move	16	static
../Core/Src/main.c:86:6:circle_draw	48	static
../Core/Src/main.c:117:6:circle	16	static
../Core/Src/main.c:122:6:emoji	8	static
../Core/Src/main.c:141:5:main	8	static
../Core/Src/main.c:189:6:SystemClock_Config	88	static
../Core/Src/main.c:235:13:MX_USART3_UART_Init	8	static
../Core/Src/main.c:268:13:MX_GPIO_Init	56	static
../Core/Src/main.c:358:6:Error_Handler	4	static,ignoring_inline_asm
