../Core/Src/main.c:78:6:HAL_ADC_ConvCpltCallback	16	static
../Core/Src/main.c:101:17:bit2value	16	static
../Core/Src/main.c:108:13:check_state	8	static
../Core/Src/main.c:117:13:check_buttons	8	static
../Core/Src/main.c:134:5:main	16	static
../Core/Src/main.c:207:6:SystemClock_Config	80	static
../Core/Src/main.c:248:13:MX_ADC_Init	24	static
../Core/Src/main.c:318:13:MX_USART2_UART_Init	8	static
../Core/Src/main.c:353:13:MX_GPIO_Init	56	static
../Core/Src/main.c:409:6:Error_Handler	8	static,ignoring_inline_asm
