../Drivers/CMSIS/Include/core_cm4.h:2064:26:ITM_SendChar	16	static,ignoring_inline_asm
../Core/Src/main.c:68:9:compare	32	static
../Core/Src/main.c:78:6:lock	24	static
../Core/Src/main.c:147:5:__io_putchar	16	static
../Core/Src/main.c:158:5:main	8	static
../Core/Src/main.c:213:6:SystemClock_Config	88	static
../Core/Src/main.c:259:13:MX_ETH_Init	8	static
../Core/Src/main.c:308:13:MX_TIM3_Init	32	static
../Core/Src/main.c:353:13:MX_USART3_UART_Init	8	static
../Core/Src/main.c:386:13:MX_GPIO_Init	64	static
../Core/Src/main.c:476:6:HAL_TIM_PeriodElapsedCallback	16	static
../Core/Src/main.c:510:6:Error_Handler	4	static,ignoring_inline_asm
